// Jest Snapshot v1, https://goo.gl/fbAQLP

exports[`QuestionPage Vote Percentages matches snapshot 1`] = `
<DocumentFragment>
  <section
    class="space-y-8"
  >
    <h1
      class="text-xl font-bold text-center"
    >
      Poll by Test User
    </h1>
    <img
      alt="Test User"
      class="w-16 h-16 rounded-full mx-auto"
      src="http://example.com/avatar.png"
    />
    <h2
      class="text-xl font-bold text-center"
    >
      Would you rather
    </h2>
    <div
      class="flex items-center gap-4 justify-center"
    >
      <div>
        <p
          class="p-2 border border-neutral-300"
        >
          Option One text
        </p>
        <button
          class="bg-green-600 hover:bg-green-700 w-full block text-white font-bold cursor-pointer disabled:bg-neutral-400 disabled:cursor-auto "
        >
          Click
        </button>
      </div>
      <div>
        <p
          class="p-2 border border-neutral-300"
        >
          Option Two text
        </p>
        <button
          class="bg-green-600 hover:bg-green-700 w-full block text-white font-bold cursor-pointer disabled:bg-neutral-400 disabled:cursor-auto "
        >
          Click
        </button>
      </div>
    </div>
    <div
      class="space-y-4"
    >
      <div>
        <p
          class="text-lg font-semibold"
          data-testid="total-option-one"
        >
          Option One has: 2 votes (40.00% )
        </p>
      </div>
      <div>
        <p
          class="text-lg font-semibold"
          data-testid="total-option-two"
        >
          Option Two has: 3 votes (60.00% )
        </p>
      </div>
    </div>
    <div>
      <div
        class="flex gap-4 items-center"
      >
        <div
          class="space-y-2"
        >
          <div>
            <div
              class="bg-blue-500 w-4 h-4"
            />
             
            <p>
              Option One
            </p>
          </div>
          <div>
            <div
              class="bg-red-500 w-4 h-4"
            />
             
            <p>
              Option Two
            </p>
          </div>
        </div>
        <div
          class="flex justify-center items-center"
        >
          <svg
            height="120"
            width="120"
          >
            <circle
              class="text-gray-300"
              cx="60"
              cy="60"
              fill="transparent"
              r="55"
              stroke="currentColor"
              stroke-width="10"
            />
            <circle
              class="text-blue-500"
              cx="60"
              cy="60"
              fill="transparent"
              r="55"
              stroke="currentColor"
              stroke-dasharray="138.2300767579509 345.57519189487726"
              stroke-dashoffset="0"
              stroke-width="10"
              transform="rotate(-90 60 60)"
            />
            <circle
              class="text-red-500"
              cx="60"
              cy="60"
              fill="transparent"
              r="55"
              stroke="currentColor"
              stroke-dasharray="207.34511513692635 345.57519189487726"
              stroke-dashoffset="0"
              stroke-width="10"
              transform="rotate(54 60 60)"
            />
          </svg>
        </div>
      </div>
    </div>
  </section>
  ,
</DocumentFragment>
`;
